// Jest Snapshot v1, https://goo.gl/fbAQLP

exports[`MyRocketCard component renders correctly 1`] = `
<div
  className="my-rocket-card border border-1 py-5 text-2xl ps-4 "
>
  Rocket1
</div>
`;
