// Jest Snapshot v1, https://goo.gl/fbAQLP

exports[`Navbar renders correctly 1`] = `
<nav
  className=" flex justify-between px-10 items-center border-b py-3"
>
  <div
    className="logo-container flex text-4xl font-semibold align-middle items-center"
  >
    <img
      alt="logo"
      className="me-4"
      height="80px"
      src="planet.png"
      width="80px"
    />
    <h2>
      Space Travelers' Hub
    </h2>
  </div>
  <ul
    className="flex"
  >
    <li
      className="me-2"
    >
      <a
        aria-current="page"
        className="active"
        href="/"
        onClick={[Function]}
      >
        Rockets
      </a>
    </li>
    <li
      className="me-2"
    >
      <a
        className=""
        href="/missions"
        onClick={[Function]}
      >
        Missions
      </a>
    </li>
    <div
      className=" vertical-line me-2"
    />
    <li
      className="me-2"
    >
      <a
        className=""
        href="/myprofile"
        onClick={[Function]}
      >
        My Profile
      </a>
    </li>
  </ul>
</nav>
`;
